[debug] [2026-08-27T15:27:24.196Z] ----------------------------------------------------------------------
[debug] [2026-08-27T15:27:24.197Z] Command:       /home/jstraw4663/.nvm/versions/node/v22.22.2/bin/node /home/jstraw4663/.nvm/versions/node/v22.22.2/bin/firebase deploy --only functions,firestore:rules --project jernie-native-dev
[debug] [2026-08-27T15:27:24.198Z] CLI Version:   15.15.0
[debug] [2026-08-27T15:27:24.198Z] Platform:      linux
[debug] [2026-08-27T15:27:24.198Z] Node Version:  v22.22.2
[debug] [2026-08-27T15:27:24.198Z] Time:          Thu Aug 27 2026 15:27:24 GMT+0000 (Coordinated Universal Time)
[debug] [2026-08-27T15:27:24.198Z] ----------------------------------------------------------------------
[debug] 
[debug] [2026-08-27T15:27:25.365Z] > command requires scopes: ["email","openid","https://www.googleapis.com/auth/cloudplatformprojects.readonly","https://www.googleapis.com/auth/firebase","https://www.googleapis.com/auth/cloud-platform"]
[debug] [2026-08-27T15:27:25.366Z] > authorizing via FIREBASE_TOKEN environment variable
[warn] ⚠  Authenticating with `FIREBASE_TOKEN` is deprecated and will be removed in a future major version of `firebase-tools`. Instead, use a service account key with `GOOGLE_APPLICATION_CREDENTIALS`: https://cloud.google.com/docs/authentication/getting-started 
[debug] [2026-08-27T15:27:25.366Z] [iam] checking project jernie-native-dev for permissions ["cloudfunctions.functions.create","cloudfunctions.functions.delete","cloudfunctions.functions.get","cloudfunctions.functions.list","cloudfunctions.functions.update","cloudfunctions.operations.get","datastore.indexes.create","datastore.indexes.delete","datastore.indexes.list","datastore.indexes.update","firebase.projects.get"]
[debug] [2026-08-27T15:27:25.367Z] No OAuth tokens found
[debug] [2026-08-27T15:27:25.367Z] No OAuth tokens found
[debug] [2026-08-27T15:27:25.367Z] > refreshing access token with scopes: []
[debug] [2026-08-27T15:27:25.369Z] >>> [apiv2][query] POST https://www.googleapis.com/oauth2/v3/token [none]
[debug] [2026-08-27T15:27:25.369Z] >>> [apiv2][body] POST https://www.googleapis.com/oauth2/v3/token [omitted]
[debug] [2026-08-27T15:27:25.487Z] <<< [apiv2][status] POST https://www.googleapis.com/oauth2/v3/token 200
[debug] [2026-08-27T15:27:25.488Z] <<< [apiv2][body] POST https://www.googleapis.com/oauth2/v3/token [omitted]
[debug] [2026-08-27T15:27:25.488Z] >>> [apiv2][query] POST https://cloudresourcemanager.googleapis.com/v1/projects/jernie-native-dev:testIamPermissions [none]
[debug] [2026-08-27T15:27:25.488Z] >>> [apiv2][(partial)header] POST https://cloudresourcemanager.googleapis.com/v1/projects/jernie-native-dev:testIamPermissions  x-goog-user-project=jernie-native-dev
[debug] [2026-08-27T15:27:25.488Z] >>> [apiv2][body] POST https://cloudresourcemanager.googleapis.com/v1/projects/jernie-native-dev:testIamPermissions {"permissions":["cloudfunctions.functions.create","cloudfunctions.functions.delete","cloudfunctions.functions.get","cloudfunctions.functions.list","cloudfunctions.functions.update","cloudfunctions.operations.get","datastore.indexes.create","datastore.indexes.delete","datastore.indexes.list","datastore.indexes.update","firebase.projects.get"]}
[debug] [2026-08-27T15:27:25.660Z] <<< [apiv2][status] POST https://cloudresourcemanager.googleapis.com/v1/projects/jernie-native-dev:testIamPermissions 200
[debug] [2026-08-27T15:27:25.660Z] <<< [apiv2][body] POST https://cloudresourcemanager.googleapis.com/v1/projects/jernie-native-dev:testIamPermissions {"permissions":["cloudfunctions.functions.create","cloudfunctions.functions.delete","cloudfunctions.functions.get","cloudfunctions.functions.list","cloudfunctions.functions.update","cloudfunctions.operations.get","datastore.indexes.create","datastore.indexes.delete","datastore.indexes.list","datastore.indexes.update","firebase.projects.get"]}
[debug] [2026-08-27T15:27:25.661Z] Checked if tokens are valid: true, expires at: 1787848044488
[debug] [2026-08-27T15:27:25.662Z] Checked if tokens are valid: true, expires at: 1787848044488
[debug] [2026-08-27T15:27:25.662Z] >>> [apiv2][query] POST https://iam.googleapis.com/v1/projects/jernie-native-dev/serviceAccounts/jernie-native-dev@appspot.gserviceaccount.com:testIamPermissions [none]
[debug] [2026-08-27T15:27:25.662Z] >>> [apiv2][body] POST https://iam.googleapis.com/v1/projects/jernie-native-dev/serviceAccounts/jernie-native-dev@appspot.gserviceaccount.com:testIamPermissions {"permissions":["iam.serviceAccounts.actAs"]}
[debug] [2026-08-27T15:27:25.847Z] <<< [apiv2][status] POST https://iam.googleapis.com/v1/projects/jernie-native-dev/serviceAccounts/jernie-native-dev@appspot.gserviceaccount.com:testIamPermissions 200
[debug] [2026-08-27T15:27:25.847Z] <<< [apiv2][body] POST https://iam.googleapis.com/v1/projects/jernie-native-dev/serviceAccounts/jernie-native-dev@appspot.gserviceaccount.com:testIamPermissions {"permissions":["iam.serviceAccounts.actAs"]}
[info] 
[info] === Deploying to 'jernie-native-dev'...
[info] 
[info] i  deploying firestore, functions 
[info] Running command: npm --prefix "$RESOURCE_DIR" run build
[info] ✔  functions: Finished running predeploy script. 
[info] i  firestore: ensuring required API firestore.googleapis.com is enabled... 
[info] i  firestore: ensuring required API firestore.googleapis.com is enabled... 
[debug] [2026-08-27T15:27:27.562Z] Checked if tokens are valid: true, expires at: 1787848044488
[debug] [2026-08-27T15:27:27.562Z] Checked if tokens are valid: true, expires at: 1787848044488
[debug] [2026-08-27T15:27:27.562Z] >>> [apiv2][query] GET https://firestore.googleapis.com/v1/projects/jernie-native-dev/databases/(default) [none]
[debug] [2026-08-27T15:27:27.786Z] <<< [apiv2][status] GET https://firestore.googleapis.com/v1/projects/jernie-native-dev/databases/(default) 200
[debug] [2026-08-27T15:27:27.786Z] <<< [apiv2][body] GET https://firestore.googleapis.com/v1/projects/jernie-native-dev/databases/(default) {"name":"projects/jernie-native-dev/databases/(default)","uid":"685e60e3-3c60-40d6-8c93-56dfa69aa823","createTime":"2026-07-13T22:05:47.377204Z","updateTime":"2026-07-13T22:05:47.377204Z","locationId":"us-east1","type":"FIRESTORE_NATIVE","concurrencyMode":"PESSIMISTIC","versionRetentionPeriod":"3600s","earliestVersionTime":"2026-08-27T14:27:27.769150Z","appEngineIntegrationMode":"DISABLED","keyPrefix":"p","pointInTimeRecoveryEnablement":"POINT_IN_TIME_RECOVERY_DISABLED","deleteProtectionState":"DELETE_PROTECTION_DISABLED","databaseEdition":"STANDARD","freeTier":true,"realtimeUpdatesMode":"REALTIME_UPDATES_MODE_ENABLED","enhancedTextSearchQueryMode":"ENHANCED_QUERY_MODE_ENABLED","etag":"IJGf5MmPwZYDMKDbyr31vpYD"}
[info] i  firestore: reading indexes from firestore.indexes.json... 
[info] i  cloud.firestore: checking firestore.rules for compilation errors... 
[debug] [2026-08-27T15:27:27.790Z] Checked if tokens are valid: true, expires at: 1787848044488
[debug] [2026-08-27T15:27:27.790Z] Checked if tokens are valid: true, expires at: 1787848044488
[debug] [2026-08-27T15:27:27.790Z] >>> [apiv2][query] POST https://firebaserules.googleapis.com/v1/projects/jernie-native-dev:test [none]
[debug] [2026-08-27T15:27:27.790Z] >>> [apiv2][body] POST https://firebaserules.googleapis.com/v1/projects/jernie-native-dev:test [omitted]
[debug] [2026-08-27T15:27:28.036Z] <<< [apiv2][status] POST https://firebaserules.googleapis.com/v1/projects/jernie-native-dev:test 200
[debug] [2026-08-27T15:27:28.037Z] <<< [apiv2][body] POST https://firebaserules.googleapis.com/v1/projects/jernie-native-dev:test {}
[info] ✔  cloud.firestore: rules file firestore.rules compiled successfully 
[debug] [2026-08-27T15:27:28.038Z] Checked if tokens are valid: true, expires at: 1787848044488
[debug] [2026-08-27T15:27:28.038Z] Checked if tokens are valid: true, expires at: 1787848044488
[debug] [2026-08-27T15:27:28.038Z] >>> [apiv2][query] GET https://cloudresourcemanager.googleapis.com/v1/projects/jernie-native-dev [none]
[debug] [2026-08-27T15:27:28.198Z] <<< [apiv2][status] GET https://cloudresourcemanager.googleapis.com/v1/projects/jernie-native-dev 200
[debug] [2026-08-27T15:27:28.198Z] <<< [apiv2][body] GET https://cloudresourcemanager.googleapis.com/v1/projects/jernie-native-dev {"projectNumber":"894033018711","projectId":"jernie-native-dev","lifecycleState":"ACTIVE","name":"jernie-native-dev","labels":{"firebase":"enabled","firebase-core":"disabled"},"createTime":"2026-05-30T15:10:40.439Z"}
[info] i  functions: preparing codebase default for deployment 
[info] i  functions: ensuring required API cloudfunctions.googleapis.com is enabled... 
[info] i  functions: ensuring required API cloudbuild.googleapis.com is enabled... 
[info] i  artifactregistry: ensuring required API artifactregistry.googleapis.com is enabled... 
[debug] [2026-08-27T15:27:28.206Z] Checked if tokens are valid: true, expires at: 1787848044488
[debug] [2026-08-27T15:27:28.206Z] Checked if tokens are valid: true, expires at: 1787848044488
[debug] [2026-08-27T15:27:28.206Z] >>> [apiv2][query] GET https://firebase.googleapis.com/v1beta1/projects/jernie-native-dev/adminSdkConfig [none]
[debug] [2026-08-27T15:27:28.471Z] <<< [apiv2][status] GET https://firebase.googleapis.com/v1beta1/projects/jernie-native-dev/adminSdkConfig 200
[debug] [2026-08-27T15:27:28.472Z] <<< [apiv2][body] GET https://firebase.googleapis.com/v1beta1/projects/jernie-native-dev/adminSdkConfig {"projectId":"jernie-native-dev","databaseURL":"https://jernie-native-dev-default-rtdb.firebaseio.com","storageBucket":"jernie-native-dev.firebasestorage.app"}
[debug] [2026-08-27T15:27:28.475Z] Checked if tokens are valid: true, expires at: 1787848044488
[debug] [2026-08-27T15:27:28.476Z] Checked if tokens are valid: true, expires at: 1787848044488
[debug] [2026-08-27T15:27:28.476Z] >>> [apiv2][query] GET https://runtimeconfig.googleapis.com/v1beta1/projects/jernie-native-dev/configs [none]
[debug] [2026-08-27T15:27:28.755Z] <<< [apiv2][status] GET https://runtimeconfig.googleapis.com/v1beta1/projects/jernie-native-dev/configs 200
[debug] [2026-08-27T15:27:28.755Z] <<< [apiv2][body] GET https://runtimeconfig.googleapis.com/v1beta1/projects/jernie-native-dev/configs {}
[debug] [2026-08-27T15:27:28.759Z] Validating nodejs source
[warn] ⚠  functions: Runtime Node.js 20 was deprecated on 2026-04-30 and will be decommissioned on 2026-10-30, after which you will not be able to deploy without upgrading. Consider upgrading now to avoid disruption. See https://cloud.google.com/functions/docs/runtime-support for full details on the lifecycle policy 
[warn] ⚠  functions: package.json indicates an outdated version of firebase-functions. Please upgrade using npm install --save firebase-functions@latest in your functions directory. 
[debug] [2026-08-27T15:27:29.036Z] > [functions] package.json contents: {
  "name": "functions",
  "version": "1.0.0",
  "private": true,
  "description": "Firebase Cloud Functions (v2) — live Foursquare place-enrichment backend for Jernie Native",
  "main": "lib/index.js",
  "engines": {
    "node": "20"
  },
  "scripts": {
    "build": "tsc",
    "test": "jest"
  },
  "dependencies": {
    "firebase-admin": "^13.10.0",
    "firebase-functions": "^7.2.5"
  },
  "devDependencies": {
    "@types/jest": "^29.5.14",
    "@types/node": "^20.19.43",
    "jest": "~29.7.0",
    "ts-jest": "^29.4.11",
    "typescript": "~6.0.3"
  }
}
[debug] [2026-08-27T15:27:29.036Z] Building nodejs source
[info] i  functions: Loading and analyzing source code for codebase default to determine what to deploy 
[debug] [2026-08-27T15:27:29.037Z] Could not find functions.yaml. Must use http discovery
[debug] [2026-08-27T15:27:29.041Z] Found firebase-functions binary at '/home/jstraw4663/jernie-fresh/functions/node_modules/.bin/firebase-functions'
[info] Serving at port 8986

[error] {"severity":"WARNING","message":"params.ENFORCE_APP_CHECK.value() invoked during function deployment, instead of during runtime."}

[error] {"severity":"WARNING","message":"This is usually a mistake. In configs, use Params directly without calling .value()."}
{"severity":"WARNING","message":"example: { memory: memoryParam } not { memory: memoryParam.value() }"}

[error] {"severity":"WARNING","message":"params.ENFORCE_APP_CHECK.value() invoked during function deployment, instead of during runtime."}

[error] {"severity":"WARNING","message":"This is usually a mistake. In configs, use Params directly without calling .value()."}
{"severity":"WARNING","message":"example: { memory: memoryParam } not { memory: memoryParam.value() }"}

[error] {"severity":"WARNING","message":"params.ENFORCE_APP_CHECK.value() invoked during function deployment, instead of during runtime."}
{"severity":"WARNING","message":"This is usually a mistake. In configs, use Params directly without calling .value()."}
{"severity":"WARNING","message":"example: { memory: memoryParam } not { memory: memoryParam.value() }"}

[error] {"severity":"WARNING","message":"params.ENFORCE_APP_CHECK.value() invoked during function deployment, instead of during runtime."}
{"severity":"WARNING","message":"This is usually a mistake. In configs, use Params directly without calling .value()."}
{"severity":"WARNING","message":"example: { memory: memoryParam } not { memory: memoryParam.value() }"}

[debug] [2026-08-27T15:27:29.270Z] Got response from /__/functions.yaml {"endpoints":{"enrichPlaces":{"availableMemoryMb":null,"timeoutSeconds":120,"minInstances":null,"maxInstances":null,"ingressSettings":null,"concurrency":null,"serviceAccountEmail":null,"vpc":null,"platform":"gcfv2","secretEnvironmentVariables":[{"key":"FOURSQUARE_API_KEY"}],"labels":{},"callableTrigger":{},"entryPoint":"enrichPlaces"},"searchStops":{"availableMemoryMb":null,"timeoutSeconds":null,"minInstances":null,"maxInstances":null,"ingressSettings":null,"concurrency":null,"serviceAccountEmail":null,"vpc":null,"platform":"gcfv2","secretEnvironmentVariables":[{"key":"MAPBOX_ACCESS_TOKEN"}],"labels":{},"callableTrigger":{},"entryPoint":"searchStops"},"resolveQuery":{"availableMemoryMb":null,"timeoutSeconds":null,"minInstances":null,"maxInstances":null,"ingressSettings":null,"concurrency":null,"serviceAccountEmail":null,"vpc":null,"platform":"gcfv2","secretEnvironmentVariables":[{"key":"FOURSQUARE_API_KEY"}],"labels":{},"callableTrigger":{},"entryPoint":"resolveQuery"},"routeBetween":{"availableMemoryMb":null,"timeoutSeconds":null,"minInstances":null,"maxInstances":null,"ingressSettings":null,"concurrency":null,"serviceAccountEmail":null,"vpc":null,"platform":"gcfv2","secretEnvironmentVariables":[{"key":"MAPBOX_ACCESS_TOKEN"}],"labels":{},"callableTrigger":{},"entryPoint":"routeBetween"}},"specVersion":"v1alpha1","requiredAPIs":[],"extensions":{},"params":[{"type":"secret","name":"FOURSQUARE_API_KEY"},{"type":"secret","name":"MAPBOX_ACCESS_TOKEN"},{"name":"ENFORCE_APP_CHECK","description":"Reject callable requests without a valid App Check token. Leave false until the shipped app is sending tokens — see functions/src/appCheck.ts for the rollout order.","type":"boolean","default":false},{"name":"QUOTA_RESOLVE_QUERY_DAY","type":"int","default":300},{"name":"QUOTA_RESOLVE_QUERY_MINUTE","type":"int","default":30},{"name":"QUOTA_ENRICH_PLACES_DAY","type":"int","default":200},{"name":"QUOTA_ENRICH_PLACES_MINUTE","type":"int","default":60},{"name":"QUOTA_ROUTE_BETWEEN_DAY","type":"int","default":200},{"name":"QUOTA_ROUTE_BETWEEN_MINUTE","type":"int","default":30},{"name":"QUOTA_SEARCH_STOPS_DAY","type":"int","default":60},{"name":"QUOTA_SEARCH_STOPS_MINUTE","type":"int","default":15},{"name":"QUOTA_GLOBAL_DAY","type":"int","default":3000},{"name":"QUOTA_GLOBAL_MINUTE","type":"int","default":300}]}
[info] i  extensions: ensuring required API firebaseextensions.googleapis.com is enabled... 
[debug] [2026-08-27T15:27:33.309Z] > command requires scopes: ["email","openid","https://www.googleapis.com/auth/cloudplatformprojects.readonly","https://www.googleapis.com/auth/firebase","https://www.googleapis.com/auth/cloud-platform"]
[debug] [2026-08-27T15:27:33.309Z] > authorizing via FIREBASE_TOKEN environment variable
[warn] ⚠  Authenticating with `FIREBASE_TOKEN` is deprecated and will be removed in a future major version of `firebase-tools`. Instead, use a service account key with `GOOGLE_APPLICATION_CREDENTIALS`: https://cloud.google.com/docs/authentication/getting-started 
[debug] [2026-08-27T15:27:33.309Z] [iam] checking project jernie-native-dev for permissions ["firebase.projects.get","firebaseextensions.instances.list"]
[debug] [2026-08-27T15:27:33.310Z] Checked if tokens are valid: true, expires at: 1787848044488
[debug] [2026-08-27T15:27:33.310Z] Checked if tokens are valid: true, expires at: 1787848044488
[debug] [2026-08-27T15:27:33.310Z] >>> [apiv2][query] POST https://cloudresourcemanager.googleapis.com/v1/projects/jernie-native-dev:testIamPermissions [none]
[debug] [2026-08-27T15:27:33.310Z] >>> [apiv2][(partial)header] POST https://cloudresourcemanager.googleapis.com/v1/projects/jernie-native-dev:testIamPermissions  x-goog-user-project=jernie-native-dev
[debug] [2026-08-27T15:27:33.310Z] >>> [apiv2][body] POST https://cloudresourcemanager.googleapis.com/v1/projects/jernie-native-dev:testIamPermissions {"permissions":["firebase.projects.get","firebaseextensions.instances.list"]}
[debug] [2026-08-27T15:27:33.452Z] <<< [apiv2][status] POST https://cloudresourcemanager.googleapis.com/v1/projects/jernie-native-dev:testIamPermissions 200
[debug] [2026-08-27T15:27:33.452Z] <<< [apiv2][body] POST https://cloudresourcemanager.googleapis.com/v1/projects/jernie-native-dev:testIamPermissions {"permissions":["firebase.projects.get","firebaseextensions.instances.list"]}
[debug] [2026-08-27T15:27:33.454Z] Checked if tokens are valid: true, expires at: 1787848044488
[debug] [2026-08-27T15:27:33.454Z] Checked if tokens are valid: true, expires at: 1787848044488
[debug] [2026-08-27T15:27:33.455Z] >>> [apiv2][query] GET https://firebaseextensions.googleapis.com/v1beta/projects/jernie-native-dev/instances pageSize=100&pageToken=
[debug] [2026-08-27T15:27:33.763Z] <<< [apiv2][status] GET https://firebaseextensions.googleapis.com/v1beta/projects/jernie-native-dev/instances 200
[debug] [2026-08-27T15:27:33.763Z] <<< [apiv2][body] GET https://firebaseextensions.googleapis.com/v1beta/projects/jernie-native-dev/instances {}
[debug] [2026-08-27T15:27:33.764Z] Checked if tokens are valid: true, expires at: 1787848044488
[debug] [2026-08-27T15:27:33.764Z] Checked if tokens are valid: true, expires at: 1787848044488
[debug] [2026-08-27T15:27:33.764Z] >>> [apiv2][query] GET https://secretmanager.googleapis.com/v1/projects/jernie-native-dev/secrets/FOURSQUARE_API_KEY [none]
[debug] [2026-08-27T15:27:33.943Z] <<< [apiv2][status] GET https://secretmanager.googleapis.com/v1/projects/jernie-native-dev/secrets/FOURSQUARE_API_KEY 200
[debug] [2026-08-27T15:27:33.944Z] <<< [apiv2][body] GET https://secretmanager.googleapis.com/v1/projects/jernie-native-dev/secrets/FOURSQUARE_API_KEY {"name":"projects/894033018711/secrets/FOURSQUARE_API_KEY","replication":{"automatic":{}},"createTime":"2026-07-31T18:39:18.548031Z","labels":{"firebase-managed":"functions"},"etag":"\"1657ec819ee3ce\""}
[debug] [2026-08-27T15:27:33.948Z] Checked if tokens are valid: true, expires at: 1787848044488
[debug] [2026-08-27T15:27:33.949Z] Checked if tokens are valid: true, expires at: 1787848044488
[debug] [2026-08-27T15:27:33.949Z] >>> [apiv2][query] GET https://secretmanager.googleapis.com/v1/projects/jernie-native-dev/secrets/FOURSQUARE_API_KEY/versions/latest [none]
[debug] [2026-08-27T15:27:34.080Z] <<< [apiv2][status] GET https://secretmanager.googleapis.com/v1/projects/jernie-native-dev/secrets/FOURSQUARE_API_KEY/versions/latest 200
[debug] [2026-08-27T15:27:34.081Z] <<< [apiv2][body] GET https://secretmanager.googleapis.com/v1/projects/jernie-native-dev/secrets/FOURSQUARE_API_KEY/versions/latest {"name":"projects/894033018711/secrets/FOURSQUARE_API_KEY/versions/3","createTime":"2026-08-01T20:43:01.564920Z","state":"ENABLED","replicationStatus":{"automatic":{}},"etag":"\"16580259e41df8\""}
[debug] [2026-08-27T15:27:34.082Z] Checked if tokens are valid: true, expires at: 1787848044488
[debug] [2026-08-27T15:27:34.083Z] Checked if tokens are valid: true, expires at: 1787848044488
[debug] [2026-08-27T15:27:34.083Z] >>> [apiv2][query] GET https://secretmanager.googleapis.com/v1/projects/jernie-native-dev/secrets/MAPBOX_ACCESS_TOKEN [none]
[debug] [2026-08-27T15:27:34.201Z] <<< [apiv2][status] GET https://secretmanager.googleapis.com/v1/projects/jernie-native-dev/secrets/MAPBOX_ACCESS_TOKEN 200
[debug] [2026-08-27T15:27:34.201Z] <<< [apiv2][body] GET https://secretmanager.googleapis.com/v1/projects/jernie-native-dev/secrets/MAPBOX_ACCESS_TOKEN {"name":"projects/894033018711/secrets/MAPBOX_ACCESS_TOKEN","replication":{"automatic":{}},"createTime":"2026-08-26T14:58:40.228121Z","labels":{"firebase-managed":"functions"},"etag":"\"1659f4746c8d85\""}
[debug] [2026-08-27T15:27:34.202Z] Checked if tokens are valid: true, expires at: 1787848044488
[debug] [2026-08-27T15:27:34.203Z] Checked if tokens are valid: true, expires at: 1787848044488
[debug] [2026-08-27T15:27:34.203Z] >>> [apiv2][query] GET https://secretmanager.googleapis.com/v1/projects/jernie-native-dev/secrets/MAPBOX_ACCESS_TOKEN/versions/latest [none]
[debug] [2026-08-27T15:27:34.322Z] <<< [apiv2][status] GET https://secretmanager.googleapis.com/v1/projects/jernie-native-dev/secrets/MAPBOX_ACCESS_TOKEN/versions/latest 200
[debug] [2026-08-27T15:27:34.322Z] <<< [apiv2][body] GET https://secretmanager.googleapis.com/v1/projects/jernie-native-dev/secrets/MAPBOX_ACCESS_TOKEN/versions/latest {"name":"projects/894033018711/secrets/MAPBOX_ACCESS_TOKEN/versions/1","createTime":"2026-08-26T14:58:53.109310Z","state":"ENABLED","replicationStatus":{"automatic":{}},"etag":"\"1659f4752e103e\""}
[debug] [2026-08-27T15:27:58.985Z] ExitPromptError: User force closed the prompt with SIGINT
    at Interface.sigint (/home/jstraw4663/.nvm/versions/node/v22.22.2/lib/node_modules/firebase-tools/node_modules/@inquirer/core/dist/commonjs/lib/create-prompt.js:101:37)
    at Interface.emit (node:events:519:28)
    at [_ttyWrite] [as _ttyWrite] (node:internal/readline/interface:1144:18)
    at ReadStream.onkeypress (node:internal/readline/interface:271:20)
    at ReadStream.emit (node:events:531:35)
    at emitKeys (node:internal/readline/utils:370:14)
    at emitKeys.next (<anonymous>)
    at ReadStream.onData (node:internal/readline/emitKeypressEvents:64:36)
    at ReadStream.emit (node:events:519:28)
    at addChunk (node:internal/streams/readable:561:12)
[error] 
[error] Error: An unexpected error has occurred.
